[htmlbeans.com/html/scavvios/index04b9.html]
[backblue.gif]
[fade.gif]
[index.html]
[htmlbeans.com/html/scavvios/style.css]
[htmlbeans.com/html/scavvios/css/bootstrap.css]
[htmlbeans.com/html/scavvios/css/colors.css]
[htmlbeans.com/html/scavvios/css/responsive.css]
[htmlbeans.com/html/scavvios/=_index.html]
[htmlbeans.com/html/scavvios/images/logo.png]
[htmlbeans.com/html/scavvios/=_javascript_void(0]
[htmlbeans.com/html/scavvios/images/img01.jpg]
[htmlbeans.com/html/scavvios/images/ico01.svg]
[htmlbeans.com/html/scavvios/images/ico02.svg]
[htmlbeans.com/html/scavvios/images/ico03.svg]
[htmlbeans.com/html/scavvios/images/ico04.svg]
[htmlbeans.com/html/scavvios/images/img02.jpg]
[htmlbeans.com/html/scavvios/images/img03.jpg]
[htmlbeans.com/html/scavvios/images/img06.jpg]
[htmlbeans.com/html/scavvios/images/img04.jpg]
[htmlbeans.com/html/scavvios/images/img05.jpg]
[htmlbeans.com/html/scavvios/images/img07.jpg]
[htmlbeans.com/html/scavvios/images/img08.jpg]
[htmlbeans.com/html/scavvios/images/img09.jpg]
[htmlbeans.com/html/scavvios/images/ico05.svg]
[htmlbeans.com/html/scavvios/images/ico06.svg]
[htmlbeans.com/html/scavvios/images/ico07.svg]
[htmlbeans.com/html/scavvios/images/ico08.svg]
[htmlbeans.com/html/scavvios/images/logo-helsinki.png]
[htmlbeans.com/html/scavvios/images/logo-helsinki2.png]
[htmlbeans.com/html/scavvios/images/logo-norway.png]
[htmlbeans.com/html/scavvios/images/logo-erikson.png]
[htmlbeans.com/html/scavvios/images/img10.jpg]
[htmlbeans.com/html/scavvios/images/img11.jpg]
[htmlbeans.com/html/scavvios/images/img12.jpg]
[htmlbeans.com/html/scavvios/images/img14.jpg]
[htmlbeans.com/html/scavvios/images/img13.jpg]
[htmlbeans.com/html/scavvios/js/jquery-3.4.1.min.js]
[htmlbeans.com/html/scavvios/js/popper.min.js]
[htmlbeans.com/html/scavvios/js/bootstrap.min.js]
[htmlbeans.com/html/scavvios/index04b9.html]
[htmlbeans.com/html/scavvios/css/bootstrap.css]
[htmlbeans.com/html/scavvios/js/jqueryCustom.js]
[kit.fontawesome.com/391f644c42.js]
[htmlbeans.com/html/scavvios/fonts/icomoon5b10.ttf]
[htmlbeans.com/html/scavvios/fonts/icomoon5b10.woff]
[htmlbeans.com/html/scavvios/style.css]
[htmlbeans.com/html/scavvios/css/colors.css]
[htmlbeans.com/html/scavvios/css/responsive.css]
[htmlbeans.com/html/scavvios/=_index.html]
[htmlbeans.com/html/scavvios/=_javascript_void(0.html]
[htmlbeans.com/html/scavvios/images/ico01.svg]
[htmlbeans.com/html/scavvios/images/ico02.svg]
[htmlbeans.com/html/scavvios/images/ico03.svg]
[htmlbeans.com/html/scavvios/images/ico04.svg]
[htmlbeans.com/html/scavvios/images/ico05.svg]
[htmlbeans.com/html/scavvios/images/ico06.svg]
[htmlbeans.com/html/scavvios/images/ico07.svg]
[htmlbeans.com/html/scavvios/images/ico08.svg]
[htmlbeans.com/html/scavvios/js/jquery-3.4.1.min.js]
[htmlbeans.com/html/scavvios/js/popper.min.js]
[htmlbeans.com/html/scavvios/fonts/icomoon5b10.svg]
[htmlbeans.com/html/scavvios/popper.js]
[htmlbeans.com/html/scavvios/js/bootstrap.min.js]
[htmlbeans.com/html/scavvios/js/jqueryCustom.js]
[htmlbeans.com/html/scavvios/fonts/icomoon5b10.svg]
[htmlbeans.com/html/scavvios/popper.html]
